// Vitest Snapshot v1, https://vitest.dev/guide/snapshot.html

exports[`<NoResultsMessage /> > renders the component 1`] = `
.c0 {
  display: flex;
  flex-direction: column;
  justify-content: center;
  align-items: center;
  gap: 1rem;
  text-align: center;
}

<div>
  <div
    aria-labelledby="no-results-title"
    aria-live="assertive"
    class="c0"
    data-testid="no-results-message-testid"
    role="status"
  >
    <h2
      id="no-results-title"
    >
      No Results Found
    </h2>
    <p>
      We're sorry, but no results matched your search criteria. Please try again with different keywords.
    </p>
  </div>
</div>
`;
