// Vitest Snapshot v1, https://vitest.dev/guide/snapshot.html

exports[`<StyledMessageWrapper /> > renders the component 1`] = `
.c0 {
  display: flex;
  flex-direction: column;
  justify-content: center;
  align-items: center;
  gap: 1rem;
  text-align: center;
}

<div>
  <div
    class="c0"
  />
</div>
`;
