// Vitest Snapshot v1, https://vitest.dev/guide/snapshot.html

exports[`<Header /> > renders the component 1`] = `
.c0 {
  flex-grow: 1;
}

<div>
  <section
    aria-labelledby="table-caption"
    class="c0"
  >
    <div>
      CharacterTable
    </div>
  </section>
</div>
`;
