// Vitest Snapshot v1, https://vitest.dev/guide/snapshot.html

exports[`<LoadingMessage /> > renders the component 1`] = `
.c0 {
  display: flex;
  flex-direction: column;
  justify-content: center;
  align-items: center;
  gap: 1rem;
  text-align: center;
}

.c1 {
  appearance: none;
  display: block;
  background: none;
  width: 1em;
  height: 1em;
  border: 0;
  background-image: url("data:image/svg+xml,%3Csvg%20viewBox%3D'-33%20-33%2066%2066'%20xmlns%3D'http%3A%2F%2Fwww.w3.org%2F2000%2Fsvg'%3E%0A%20%20%3Cdefs%3E%0A%20%20%20%20%3ClinearGradient%20id%3D'fadeGradient'%20x1%3D'0%25'%20y1%3D'0%25'%20x2%3D'100%25'%20y2%3D'0%25'%3E%0A%20%20%20%20%20%20%3Cstop%20offset%3D'0%25'%20style%3D'stop-color%3A%235da647%3B%20stop-opacity%3A1'%20%2F%3E%0A%20%20%20%20%20%20%3Cstop%20offset%3D'100%25'%20style%3D'stop-color%3A%235da647%3B%20stop-opacity%3A0'%20%2F%3E%0A%20%20%20%20%3C%2FlinearGradient%3E%0A%20%20%3C%2Fdefs%3E%0A%20%20%3Ccircle%20fill%3D'none'%20stroke-width%3D'6'%20stroke-dasharray%3D'200'%20stroke%3D'url(%23fadeGradient)'%20stroke-dashoffset%3D'56'%20r%3D'30'%2F%3E%0A%3C%2Fsvg%3E");
  width: 6em;
  height: 6em;
  animation: spin 1.5s linear infinite;
}

.c1::-moz-progress-bar {
  background: none;
}

.c1::-webkit-progress-bar {
  display: none;
}

<div>
  <div
    aria-labelledby="loading-message-title"
    aria-live="assertive"
    class="c0"
    data-testid="loading-message-testid"
    role="status"
  >
    <h2
      id="loading-message-title"
    >
      Loading...
    </h2>
    <label>
      <progress
        aria-label="Please wait while we fetch your search results."
        class="c1"
      />
    </label>
  </div>
</div>
`;
