// Vitest Snapshot v1, https://vitest.dev/guide/snapshot.html

exports[`<VisuallyHidden /> > renders the component 1`] = `
<div>
  <span
    style="display: inline-block; position: absolute; overflow: hidden; height: 1px; width: 1px; margin: -1px; padding: 0px; border: 0px;"
  >
    <span />
  </span>
</div>
`;
