// Vitest Snapshot v1, https://vitest.dev/guide/snapshot.html

exports[`<TableHeader /> > renders the component 1`] = `
.c0 {
  --radius: calc(5px * 2);
  background-color: #e9ecee;
  text-align: left;
  padding: 1.5rem 0.5rem;
}

.c0:first-of-type {
  border-top-left-radius: var(--radius);
  border-bottom-left-radius: var(--radius);
}

.c0:last-of-type {
  border-top-right-radius: var(--radius);
  border-bottom-right-radius: var(--radius);
}

<div>
  <table>
    <thead>
      <tr>
        <th
          class="c0"
        >
          ABC
        </th>
      </tr>
    </thead>
  </table>
</div>
`;
